# Expectation record for 03_initializers/002_nested_aggregate.c
#
# Reproduce one cell by hand with no harness: render the three command templates
# below, substituting the target triple, the optimization level, the source path,
# the output path, and the target's runner (empty on the natively executing target).

program            = 002_nested_aggregate
area               = 03_initializers
description        = Nested aggregate initialization -- struct within struct, struct within struct within struct, array of struct, and two- and three-dimensional arrays -- in fully braced spellings, every member of every level read back individually, each shape declared once with static and once with automatic storage duration; the brace-elided spelling is excluded, narrowly and with its reason recorded in impl_defined_notes, because the frozen warning gate rejects every spelling of it
targets            = x86_64, i686, aarch64, riscv64
opt_levels         = -O0, -O1, -O2
shared_flags       = -static
bcc_command        = $BCC --target <triple> <opt> -static <src> -o <out>
ref_command        = $REF_CC_<TRIPLE> <opt> -static <src> -o <out>
run_command        = <runner> <out>
expect_exit        = 0
oracle_a           = enabled
oracle_b           = enabled
oracle_c           = enabled
ub_notes           <<END
This program contains no undefined and no unspecified behaviour, which is the precondition that
makes both differential oracles sound: undefined behaviour would license either compiler to do
anything at all, so a divergence over it would prove nothing about either one.
A member or element left unmentioned by a brace-enclosed initializer is initialized as an object
of static storage duration would be, that is to zero, for automatic and static duration alike
(C11 6.7.9p19 and p21), so every value printed has a determinate value and no uninitialized
storage is ever read. Every object here is FULLY braced and supplies exactly as many initializers
as the aggregate has scalar members, so no slot depends on the zero guarantee either and the
guarantee is stated above only to show that no route to an indeterminate value exists. Every
object is FULLY initialized by its initializer list before any part of it is read, and nothing is
modified after initialization: g_outer, g_arr, g_deep, g_matrix and g_cube at file scope, and
l_outer, l_arr and l_deep inside main. No read of an
indeterminate value is therefore reachable, no object is modified twice between two sequence
points, and no modification races a read of the same object.
No arithmetic is performed on the initialized data at all, so no overflow of any kind is
reachable. The only arithmetic in the program is the loop counters' increments, every one of them
bounded by a literal of 2 or 3, so signed overflow is unreachable there too. Nothing is shifted,
divided or cast anywhere in the program.
Every subscript stays strictly inside its array bound, and each bound is a literal matching the
declared extent: g_arr is struct inner[3] read at 0 through 2, l_arr is struct inner[2] read at 0
and 1, both pair members are struct inner[2] read at 0 and 1, g_matrix is int[2][3] read at
[0..1][0..2], and g_cube is int[2][2][2] read at [0..1][0..1][0..1]. No pointer is formed anywhere
in the program apart from printf's format argument, so no one-past-the-end pointer exists to be
dereferenced, no pointer arithmetic is performed, no address is taken and none is printed.
There is no aliasing violation: every value is read through an lvalue of its own declared type,
which is int in every case, reached by member selection and subscripting only. No object
representation is examined, no union appears, and no cast of any kind is present, so no
effective-type rule is approached. Only named members are ever read, never a padding byte -- and
these all-int aggregates carry no internal padding on any of the four targets in any case, so the
rule is honoured twice over, and nothing depends on the relative addresses of unrelated objects.
Every initializer value is a small positive int and the largest is 97, so every one is
representable in int on every target the suite supports and no implicit conversion changes a
value. Each object owns a disjoint value range -- 1 to 4, 10 to 31, 60 to 67, 71 to 74, 81 to 84
and 90 to 97 -- so a value that surfaces in the wrong place names the aggregate it escaped from
rather than merely reporting that something disagreed.
Every printf argument is a plain read of a loop counter or of an int member, and no argument of any
call modifies an object, so the unspecified order in which a function call's arguments are evaluated
cannot be observed even though up to four arguments are read per call. Every conversion specifier is
%d and every corresponding argument has type int after the default argument promotions, so no
variadic argument is read at the wrong width.
main returns 0, inside the 0-125 range the suite requires so that no exit status is truncated by
the operating system. Nothing outside this file is read: every input is a literal here, no file,
socket, environment variable, clock, random source or locale is consulted, and iteration order is
fixed by literal loop bounds, so every cell is reproducible from this source and this record alone.
No header is included anywhere and printf is declared by hand as `int printf(const char *, ...);`.
bcc bundles the nine required freestanding headers plus a bonus stdatomic.h and ships no standard
I/O header (docs/project-guide.md line 212), so naming one would fail on the bcc side of oracle (a)
while succeeding on the reference side -- a spurious divergence caused by the test rather than by a
compiler. This area is granted no header exception; the corpus has exactly two, area 07's stdarg.h
and the dedicated bundled-header probe in area 12.
This record declares no warning-gate deviation, and area 03 sanctions none. The program is clean
under the full default gate -Wall -Wextra -pedantic -Wconversion -Wsign-conversion -Wshadow
-Werror at -O0, -O1 and -O2 with all four reference drivers, with no diagnostic of any kind and no
source-level diagnostic suppression anywhere in the translation unit, and it builds and runs clean
under the sanitizer gate -fsanitize=undefined,address -fno-sanitize-recover=all. Both gates are
reference-compiler-only and are never applied to bcc, so requirement 3's shared-flag discipline is
untouched. One initializer spelling is excluded to reach that clean audit rather than suppressed
inside it, and the exclusion, its measured reason and where the rule it would have covered stays
under test are recorded in impl_defined_notes below.
END
impl_defined_notes <<END
This record narrows nothing that the harness reads: all four targets, all three optimization
levels and all three oracles are enabled, no expected-divergence marker is carried, no gate
deviation is claimed under the ub_audit_flags key, and no implementation-defined value reaches
this program's output. One initializer SPELLING is nevertheless excluded from the source, and the
paragraph below states which, why, and where the rule it would have covered remains under test.
CONSTRAINT-C3 EXCLUSION -- THE BRACE-ELIDED SPELLING. Brace elision -- omitting the braces
around a subaggregate's initializer, after which initializers are consumed from the flat list as
the current object descends and ascends -- is well-defined C11 (6.7.9p20), but GCC reports it
under -Wmissing-braces, which -Wall enables and which the audit gate's -Werror makes fatal.
Five elided spellings were MEASURED against that gate with the reference compiler -- a
two-dimensional array written flat, a struct-in-struct written flat, a struct-in-array written
flat, an array-in-struct written flat, and a partially braced mixture -- and every one is
rejected. No spelling of that coverage exists that the unmodified gate accepts, and no
admissible deviation exists either: the gate's removable members are exactly -pedantic, for the
GCC-extensions area, and -Wconversion with -Wsign-conversion, for the deliberate
narrowing program, so -Wall is not removable and area 03 is granted no deviation at all. A
source-level
diagnostic-suppression directive is not an alternative to that: it neutralizes a gate member from
inside the translation unit while this record still claims the unchanged gate, which would make
this record's own claim false rather than making the program clean. The spelling is therefore
dropped from the source, and constraint C3 is satisfied the way it asks to be -- the exclusion is
narrow, it is scoped to one spelling of one rule, it changes no target, no optimization level and
no oracle, and its reason is recorded here and in the program's own header comment. What is lost
is one route through the initializer walker; what is kept is a gate whose result means what the
harness reports it to mean.
THE ELISION RULE ITSELF REMAINS UNDER TEST IN THIS AREA, which is what keeps the exclusion narrow
rather than a gap. 007_string_array.c initializes char g_grid_exact[2][5] and char
g_grid_room[2][6] from unbraced string literals, which is brace elision for the inner arrays and
is gate-clean unaided because a string literal may initialize a character array without braces
(C11 6.7.9p14); and 003_partial_zero_fill.c's { 0 } idiom on a nested aggregate relies on the
same subaggregate-consumption rule of 6.7.9p20 and is likewise gate-clean. What this program no
longer holds is the flat-integer spelling of the rule and the elided-versus-braced pairing that
compared the two walker paths line for line; that pairing is the specific loss the exclusion
costs, and it is stated rather than left to be inferred.
WHAT THIS PROGRAM DOES TEST. Every initializer here is fully braced, and the coverage is the
nesting itself: struct within struct (g_outer, l_outer), struct within struct within struct with
an array of struct beside it (g_deep, l_deep), array of struct (g_arr, l_arr), and two- and
three-dimensional arrays (g_matrix, g_cube). Every member of every level is read back on its own
line, so a single divergent line names one level of one shape.
WIDTH NORMALIZATION. Every object is a plain int printed with %d, so no type whose width differs
between the ILP32 target and the three LP64 targets ever reaches a format string, and no long,
size_t, ptrdiff_t, pointer or floating value is printed. i686 is ELF32 with a four-byte long and
pointer while x86-64, AArch64 and RISC-V 64 are ELF64 with eight bytes for both
(docs/technical-specifications.md target table, lines 457-462), a difference also MEASURED on all
four targets in this environment, and this program touches neither type.
PLAIN-CHAR SIGNEDNESS. No character data appears at all, so the MEASURED split -- plain char
signed on x86-64 and i686, unsigned on AArch64 and RISC-V 64 -- cannot arise.
PADDING AND LAYOUT. Only named members are read, never an object representation, so no padding
byte is observed; these all-int aggregates carry no internal padding on any of the four targets in
any case, but the rule is honoured by construction regardless. No sizeof, no _Alignof and no
address is printed, so no layout choice the ABI is free to make is observable: only the values the
initializers supply are.
EXECUTION CHARACTER SET. Nothing character-valued is printed, so C11 5.2.1 leaves nothing here to
the implementation.
Nothing address-valued, clock-derived, random or locale-dependent is printed, and iteration order
is fixed. Every member of every level gets its own output line, 48 in total, and nothing is
summarized, so one divergent line localizes the defect to one initializer form; combined with the
disjoint value ranges, a value surfacing in the wrong place also names the aggregate it escaped
from.
THE DISCRIMINATING VARIANT in this area is the pairing of storage durations rather than a volatile
operand, and it is what makes the three optimization levels informative. An initializer for an
object of static storage duration is resolved before program startup and emitted into the data or
BSS image, whereas the automatic twin's initialization is a run-time act the backend performs on
entry to the block; with optimization off the statics appear as data-section bytes while the twins
appear as a run of stores into the frame, and at a higher level either path may be folded into
immediate operands. A compiler can implement one correctly and the other incorrectly, so both are
compiled at all three levels and their answers are printed separately, and a defect on one path
cannot be covered up by the other. A volatile operand would add nothing here, because the subject
is what an initializer produces rather than what an operator computes.
MEASURED EVIDENCE. The program was compiled with the reference driver for all four targets at -O0,
-O1 and -O2 -- twelve configurations -- and every one produced these 48 lines byte-identically
with exit status 0, which is why oracle (b) compares this program's targets against each other
without any narrowing and why oracle (c) can hold these bytes as the golden record. The same
twelve configurations were re-measured after the excluded spelling was removed, so the 48 lines
below are the current source's output rather than a residue of an earlier one.
END
expected_stdout    <<END
g_outer.tag=1
g_outer.in.p=2
g_outer.in.q=3
g_outer.trailer=4
g_arr[0].p=10
g_arr[0].q=11
g_arr[1].p=20
g_arr[1].q=21
g_arr[2].p=30
g_arr[2].q=31
g_deep.o.tag=60
g_deep.o.in.p=61
g_deep.o.in.q=62
g_deep.o.trailer=63
g_deep.pair[0].p=64
g_deep.pair[0].q=65
g_deep.pair[1].p=66
g_deep.pair[1].q=67
g_matrix[0][0]=1
g_matrix[0][1]=2
g_matrix[0][2]=3
g_matrix[1][0]=4
g_matrix[1][1]=5
g_matrix[1][2]=6
g_cube[0][0][0]=1
g_cube[0][0][1]=2
g_cube[0][1][0]=3
g_cube[0][1][1]=4
g_cube[1][0][0]=5
g_cube[1][0][1]=6
g_cube[1][1][0]=7
g_cube[1][1][1]=8
l_outer.tag=71
l_outer.in.p=72
l_outer.in.q=73
l_outer.trailer=74
l_arr[0].p=81
l_arr[0].q=82
l_arr[1].p=83
l_arr[1].q=84
l_deep.o.tag=90
l_deep.o.in.p=91
l_deep.o.in.q=92
l_deep.o.trailer=93
l_deep.pair[0].p=94
l_deep.pair[0].q=95
l_deep.pair[1].p=96
l_deep.pair[1].q=97
END
