# Expectation record for 05_pointers/009_null_semantics.c
#
# Reproduce one cell by hand with no harness: render the three command templates
# below, substituting the target triple, the optimization level, the source path,
# the output path, and the target's runner (empty on the natively executing target).

program            = 009_null_semantics
area               = 05_pointers
description        = Null pointer constant forms, comparison, truth value and conversion across pointer types
targets            = x86_64, i686, aarch64, riscv64
opt_levels         = -O0, -O1, -O2
shared_flags       = -static
bcc_command        = $BCC --target <triple> <opt> -static <src> -o <out>
ref_command        = $REF_CC_<TRIPLE> <opt> -static <src> -o <out>
run_command        = <runner> <out>
expect_exit        = 0
oracle_a           = enabled
oracle_b           = enabled
oracle_c           = enabled
ub_notes           <<END
The two spellings used are the integer constant zero and a cast of zero to void pointer,
both of which the standard itself defines as null pointer constants, so no macro definition
is needed.  A null pointer is never dereferenced: every null fact is observed through an
equality comparison, a truth-value test or a conversion.  No address is printed.
Every property is computed twice, once from literal constants and once from
volatile-qualified storage, so the constant folder's answer cannot stand in for the
one the backend computes at run time.
No header is included and printf is declared by hand, so nothing here depends on a
standard-library header bcc does not ship.
END
expected_stdout    <<END
zero_form_is_null=1
cast_form_is_null=1
both_forms_equal=1
zero_form_vs_cast=1
cast_form_vs_zero=1
null_is_false=1
null_in_condition=0
null_and=0
null_or=1
null_if_branch=1
nonnull_ne_zero=1
nonnull_ne_cast=1
nonnull_is_true=1
nonnull_not_is_false=0
nonnull_value=5
nonnull_ne_null_var=1
char_null=1
double_null=1
struct_null=1
void_null=1
func_null=1
func_null_not=1
double_assigned=1.500
double_now_nonnull=1
double_back_to_null=1
struct_assigned=1 2
struct_back_to_null=1
null_to_void=1
null_void_roundtrip=1
nonnull_to_void=1
nonnull_void_roundtrip=1
implicit_null=1
table0_nonnull=1
table0_value=5
table1_null=1
table2_null=1
table3_null=1
struct_member_null=1
struct_member_value=9
arg_null=-1
arg_cast_null=-1
arg_nonnull=5
arg_from_table=5
arg_from_null_table=-1
conditional_null=1
conditional_nonnull=1
conditional_nonnull_value=5
table_nulls=3
table_nonnulls=1
runtime_null=1
runtime_null_is_false=1
runtime_nonnull=1
runtime_nonnull_value=5
runtime_guarded=5
runtime_table_null=1
runtime_guarded_null=-1
runtime_table_nonnull=1
runtime_table_value=5
runtime_fp_nonnull=1
runtime_fp_result=0
END
